V3 3
FL /home/ise/Tade_VB/SumComp/SumC.vhd 2024/04/15.03:50:56 P.20131013
EN work/SumC 1713153089 FL /home/ise/Tade_VB/SumComp/SumC.vhd \
      PB ieee/std_logic_1164 1381692176 PB ieee/std_logic_arith 1381692177 \
      PB ieee/STD_LOGIC_UNSIGNED 1381692179
AR work/SumC/Arch 1713153090 \
      FL /home/ise/Tade_VB/SumComp/SumC.vhd EN work/SumC 1713153089
